------------------------------------------------------------
Timing Analyzer Summary
------------------------------------------------------------

Type  : Slow 1100mV 85C Model Setup 'CLOCK_50'
Slack : -35.953
TNS   : -2605.810

Type  : Slow 1100mV 85C Model Setup 'fall_timer_1[0]'
Slack : -8.379
TNS   : -90.924

Type  : Slow 1100mV 85C Model Setup 'KeyboardModule:move|PS2_Controller:PS2|Altera_UP_PS2_Data_In:PS2_Data_In|received_data_en'
Slack : -8.279
TNS   : -30.309

Type  : Slow 1100mV 85C Model Setup 'KEY[0]'
Slack : -5.741
TNS   : -77.529

Type  : Slow 1100mV 85C Model Setup 'music:bg_music|avconf:avc|mI2C_CTRL_CLK'
Slack : -3.857
TNS   : -192.873

Type  : Slow 1100mV 85C Model Setup 'VGA|mypll|altpll_component|auto_generated|generic_pll1~PLL_OUTPUT_COUNTER|divclk'
Slack : 32.472
TNS   : 0.000

Type  : Slow 1100mV 85C Model Hold 'CLOCK_50'
Slack : -4.318
TNS   : -8.329

Type  : Slow 1100mV 85C Model Hold 'music:bg_music|avconf:avc|mI2C_CTRL_CLK'
Slack : 0.380
TNS   : 0.000

Type  : Slow 1100mV 85C Model Hold 'VGA|mypll|altpll_component|auto_generated|generic_pll1~PLL_OUTPUT_COUNTER|divclk'
Slack : 0.439
TNS   : 0.000

Type  : Slow 1100mV 85C Model Hold 'fall_timer_1[0]'
Slack : 0.853
TNS   : 0.000

Type  : Slow 1100mV 85C Model Hold 'KEY[0]'
Slack : 1.322
TNS   : 0.000

Type  : Slow 1100mV 85C Model Hold 'KeyboardModule:move|PS2_Controller:PS2|Altera_UP_PS2_Data_In:PS2_Data_In|received_data_en'
Slack : 4.644
TNS   : 0.000

Type  : Slow 1100mV 85C Model Recovery 'music:bg_music|avconf:avc|mI2C_CTRL_CLK'
Slack : -7.057
TNS   : -214.894

Type  : Slow 1100mV 85C Model Recovery 'VGA|mypll|altpll_component|auto_generated|generic_pll1~PLL_OUTPUT_COUNTER|divclk'
Slack : -6.129
TNS   : -159.286

Type  : Slow 1100mV 85C Model Recovery 'fall_timer_1[0]'
Slack : -4.447
TNS   : -46.126

Type  : Slow 1100mV 85C Model Recovery 'KeyboardModule:move|PS2_Controller:PS2|Altera_UP_PS2_Data_In:PS2_Data_In|received_data_en'
Slack : -3.779
TNS   : -13.481

Type  : Slow 1100mV 85C Model Recovery 'CLOCK_50'
Slack : -3.731
TNS   : -1135.444

Type  : Slow 1100mV 85C Model Removal 'CLOCK_50'
Slack : 0.373
TNS   : 0.000

Type  : Slow 1100mV 85C Model Removal 'fall_timer_1[0]'
Slack : 0.407
TNS   : 0.000

Type  : Slow 1100mV 85C Model Removal 'VGA|mypll|altpll_component|auto_generated|generic_pll1~PLL_OUTPUT_COUNTER|divclk'
Slack : 1.503
TNS   : 0.000

Type  : Slow 1100mV 85C Model Removal 'KeyboardModule:move|PS2_Controller:PS2|Altera_UP_PS2_Data_In:PS2_Data_In|received_data_en'
Slack : 2.227
TNS   : 0.000

Type  : Slow 1100mV 85C Model Removal 'music:bg_music|avconf:avc|mI2C_CTRL_CLK'
Slack : 3.733
TNS   : 0.000

Type  : Slow 1100mV 85C Model Minimum Pulse Width 'fall_timer_1[0]'
Slack : -0.701
TNS   : -11.035

Type  : Slow 1100mV 85C Model Minimum Pulse Width 'music:bg_music|avconf:avc|mI2C_CTRL_CLK'
Slack : -0.394
TNS   : -35.610

Type  : Slow 1100mV 85C Model Minimum Pulse Width 'KEY[0]'
Slack : -0.066
TNS   : -0.198

Type  : Slow 1100mV 85C Model Minimum Pulse Width 'KeyboardModule:move|PS2_Controller:PS2|Altera_UP_PS2_Data_In:PS2_Data_In|received_data_en'
Slack : 0.465
TNS   : 0.000

Type  : Slow 1100mV 85C Model Minimum Pulse Width 'VGA|mypll|altpll_component|auto_generated|generic_pll1~FRACTIONAL_PLL|vcoph[0]'
Slack : 1.666
TNS   : 0.000

Type  : Slow 1100mV 85C Model Minimum Pulse Width 'CLOCK_50'
Slack : 8.828
TNS   : 0.000

Type  : Slow 1100mV 85C Model Minimum Pulse Width 'VGA|mypll|altpll_component|auto_generated|generic_pll1~PLL_OUTPUT_COUNTER|divclk'
Slack : 18.779
TNS   : 0.000

Type  : Slow 1100mV 0C Model Setup 'CLOCK_50'
Slack : -36.743
TNS   : -2507.299

Type  : Slow 1100mV 0C Model Setup 'fall_timer_1[0]'
Slack : -8.574
TNS   : -92.504

Type  : Slow 1100mV 0C Model Setup 'KeyboardModule:move|PS2_Controller:PS2|Altera_UP_PS2_Data_In:PS2_Data_In|received_data_en'
Slack : -8.368
TNS   : -30.817

Type  : Slow 1100mV 0C Model Setup 'KEY[0]'
Slack : -5.851
TNS   : -79.749

Type  : Slow 1100mV 0C Model Setup 'music:bg_music|avconf:avc|mI2C_CTRL_CLK'
Slack : -3.749
TNS   : -188.325

Type  : Slow 1100mV 0C Model Setup 'VGA|mypll|altpll_component|auto_generated|generic_pll1~PLL_OUTPUT_COUNTER|divclk'
Slack : 32.816
TNS   : 0.000

Type  : Slow 1100mV 0C Model Hold 'CLOCK_50'
Slack : -4.392
TNS   : -8.829

Type  : Slow 1100mV 0C Model Hold 'music:bg_music|avconf:avc|mI2C_CTRL_CLK'
Slack : 0.369
TNS   : 0.000

Type  : Slow 1100mV 0C Model Hold 'VGA|mypll|altpll_component|auto_generated|generic_pll1~PLL_OUTPUT_COUNTER|divclk'
Slack : 0.420
TNS   : 0.000

Type  : Slow 1100mV 0C Model Hold 'fall_timer_1[0]'
Slack : 0.870
TNS   : 0.000

Type  : Slow 1100mV 0C Model Hold 'KEY[0]'
Slack : 1.413
TNS   : 0.000

Type  : Slow 1100mV 0C Model Hold 'KeyboardModule:move|PS2_Controller:PS2|Altera_UP_PS2_Data_In:PS2_Data_In|received_data_en'
Slack : 4.694
TNS   : 0.000

Type  : Slow 1100mV 0C Model Recovery 'music:bg_music|avconf:avc|mI2C_CTRL_CLK'
Slack : -6.994
TNS   : -213.220

Type  : Slow 1100mV 0C Model Recovery 'VGA|mypll|altpll_component|auto_generated|generic_pll1~PLL_OUTPUT_COUNTER|divclk'
Slack : -5.956
TNS   : -154.773

Type  : Slow 1100mV 0C Model Recovery 'fall_timer_1[0]'
Slack : -4.466
TNS   : -46.425

Type  : Slow 1100mV 0C Model Recovery 'KeyboardModule:move|PS2_Controller:PS2|Altera_UP_PS2_Data_In:PS2_Data_In|received_data_en'
Slack : -3.798
TNS   : -13.512

Type  : Slow 1100mV 0C Model Recovery 'CLOCK_50'
Slack : -3.508
TNS   : -1067.753

Type  : Slow 1100mV 0C Model Removal 'CLOCK_50'
Slack : 0.292
TNS   : 0.000

Type  : Slow 1100mV 0C Model Removal 'fall_timer_1[0]'
Slack : 0.557
TNS   : 0.000

Type  : Slow 1100mV 0C Model Removal 'VGA|mypll|altpll_component|auto_generated|generic_pll1~PLL_OUTPUT_COUNTER|divclk'
Slack : 1.517
TNS   : 0.000

Type  : Slow 1100mV 0C Model Removal 'KeyboardModule:move|PS2_Controller:PS2|Altera_UP_PS2_Data_In:PS2_Data_In|received_data_en'
Slack : 2.133
TNS   : 0.000

Type  : Slow 1100mV 0C Model Removal 'music:bg_music|avconf:avc|mI2C_CTRL_CLK'
Slack : 3.818
TNS   : 0.000

Type  : Slow 1100mV 0C Model Minimum Pulse Width 'fall_timer_1[0]'
Slack : -0.657
TNS   : -10.537

Type  : Slow 1100mV 0C Model Minimum Pulse Width 'music:bg_music|avconf:avc|mI2C_CTRL_CLK'
Slack : -0.394
TNS   : -34.815

Type  : Slow 1100mV 0C Model Minimum Pulse Width 'KEY[0]'
Slack : -0.037
TNS   : -0.069

Type  : Slow 1100mV 0C Model Minimum Pulse Width 'KeyboardModule:move|PS2_Controller:PS2|Altera_UP_PS2_Data_In:PS2_Data_In|received_data_en'
Slack : 0.438
TNS   : 0.000

Type  : Slow 1100mV 0C Model Minimum Pulse Width 'VGA|mypll|altpll_component|auto_generated|generic_pll1~FRACTIONAL_PLL|vcoph[0]'
Slack : 1.666
TNS   : 0.000

Type  : Slow 1100mV 0C Model Minimum Pulse Width 'CLOCK_50'
Slack : 8.788
TNS   : 0.000

Type  : Slow 1100mV 0C Model Minimum Pulse Width 'VGA|mypll|altpll_component|auto_generated|generic_pll1~PLL_OUTPUT_COUNTER|divclk'
Slack : 18.756
TNS   : 0.000

Type  : Fast 1100mV 85C Model Setup 'CLOCK_50'
Slack : -11.054
TNS   : -1443.071

Type  : Fast 1100mV 85C Model Setup 'fall_timer_1[0]'
Slack : -4.462
TNS   : -48.077

Type  : Fast 1100mV 85C Model Setup 'KeyboardModule:move|PS2_Controller:PS2|Altera_UP_PS2_Data_In:PS2_Data_In|received_data_en'
Slack : -4.441
TNS   : -15.945

Type  : Fast 1100mV 85C Model Setup 'KEY[0]'
Slack : -2.899
TNS   : -37.800

Type  : Fast 1100mV 85C Model Setup 'music:bg_music|avconf:avc|mI2C_CTRL_CLK'
Slack : -2.380
TNS   : -109.811

Type  : Fast 1100mV 85C Model Setup 'VGA|mypll|altpll_component|auto_generated|generic_pll1~PLL_OUTPUT_COUNTER|divclk'
Slack : 34.493
TNS   : 0.000

Type  : Fast 1100mV 85C Model Hold 'CLOCK_50'
Slack : -2.263
TNS   : -4.395

Type  : Fast 1100mV 85C Model Hold 'music:bg_music|avconf:avc|mI2C_CTRL_CLK'
Slack : 0.138
TNS   : 0.000

Type  : Fast 1100mV 85C Model Hold 'VGA|mypll|altpll_component|auto_generated|generic_pll1~PLL_OUTPUT_COUNTER|divclk'
Slack : 0.247
TNS   : 0.000

Type  : Fast 1100mV 85C Model Hold 'fall_timer_1[0]'
Slack : 0.330
TNS   : 0.000

Type  : Fast 1100mV 85C Model Hold 'KEY[0]'
Slack : 0.768
TNS   : 0.000

Type  : Fast 1100mV 85C Model Hold 'KeyboardModule:move|PS2_Controller:PS2|Altera_UP_PS2_Data_In:PS2_Data_In|received_data_en'
Slack : 2.815
TNS   : 0.000

Type  : Fast 1100mV 85C Model Recovery 'music:bg_music|avconf:avc|mI2C_CTRL_CLK'
Slack : -4.213
TNS   : -128.164

Type  : Fast 1100mV 85C Model Recovery 'VGA|mypll|altpll_component|auto_generated|generic_pll1~PLL_OUTPUT_COUNTER|divclk'
Slack : -3.614
TNS   : -93.913

Type  : Fast 1100mV 85C Model Recovery 'CLOCK_50'
Slack : -2.815
TNS   : -685.154

Type  : Fast 1100mV 85C Model Recovery 'fall_timer_1[0]'
Slack : -2.716
TNS   : -28.080

Type  : Fast 1100mV 85C Model Recovery 'KeyboardModule:move|PS2_Controller:PS2|Altera_UP_PS2_Data_In:PS2_Data_In|received_data_en'
Slack : -1.846
TNS   : -6.485

Type  : Fast 1100mV 85C Model Removal 'CLOCK_50'
Slack : 0.116
TNS   : 0.000

Type  : Fast 1100mV 85C Model Removal 'fall_timer_1[0]'
Slack : 0.169
TNS   : 0.000

Type  : Fast 1100mV 85C Model Removal 'VGA|mypll|altpll_component|auto_generated|generic_pll1~PLL_OUTPUT_COUNTER|divclk'
Slack : 0.926
TNS   : 0.000

Type  : Fast 1100mV 85C Model Removal 'KeyboardModule:move|PS2_Controller:PS2|Altera_UP_PS2_Data_In:PS2_Data_In|received_data_en'
Slack : 1.532
TNS   : 0.000

Type  : Fast 1100mV 85C Model Removal 'music:bg_music|avconf:avc|mI2C_CTRL_CLK'
Slack : 1.986
TNS   : 0.000

Type  : Fast 1100mV 85C Model Minimum Pulse Width 'fall_timer_1[0]'
Slack : -0.455
TNS   : -4.364

Type  : Fast 1100mV 85C Model Minimum Pulse Width 'KEY[0]'
Slack : -0.228
TNS   : -3.559

Type  : Fast 1100mV 85C Model Minimum Pulse Width 'music:bg_music|avconf:avc|mI2C_CTRL_CLK'
Slack : 0.083
TNS   : 0.000

Type  : Fast 1100mV 85C Model Minimum Pulse Width 'KeyboardModule:move|PS2_Controller:PS2|Altera_UP_PS2_Data_In:PS2_Data_In|received_data_en'
Slack : 0.487
TNS   : 0.000

Type  : Fast 1100mV 85C Model Minimum Pulse Width 'VGA|mypll|altpll_component|auto_generated|generic_pll1~FRACTIONAL_PLL|vcoph[0]'
Slack : 1.666
TNS   : 0.000

Type  : Fast 1100mV 85C Model Minimum Pulse Width 'CLOCK_50'
Slack : 8.820
TNS   : 0.000

Type  : Fast 1100mV 85C Model Minimum Pulse Width 'VGA|mypll|altpll_component|auto_generated|generic_pll1~PLL_OUTPUT_COUNTER|divclk'
Slack : 18.891
TNS   : 0.000

Type  : Fast 1100mV 0C Model Setup 'CLOCK_50'
Slack : -9.105
TNS   : -1214.598

Type  : Fast 1100mV 0C Model Setup 'fall_timer_1[0]'
Slack : -4.265
TNS   : -45.495

Type  : Fast 1100mV 0C Model Setup 'KeyboardModule:move|PS2_Controller:PS2|Altera_UP_PS2_Data_In:PS2_Data_In|received_data_en'
Slack : -4.239
TNS   : -15.351

Type  : Fast 1100mV 0C Model Setup 'KEY[0]'
Slack : -2.730
TNS   : -35.761

Type  : Fast 1100mV 0C Model Setup 'music:bg_music|avconf:avc|mI2C_CTRL_CLK'
Slack : -2.282
TNS   : -102.967

Type  : Fast 1100mV 0C Model Setup 'VGA|mypll|altpll_component|auto_generated|generic_pll1~PLL_OUTPUT_COUNTER|divclk'
Slack : 35.213
TNS   : 0.000

Type  : Fast 1100mV 0C Model Hold 'CLOCK_50'
Slack : -2.231
TNS   : -4.330

Type  : Fast 1100mV 0C Model Hold 'music:bg_music|avconf:avc|mI2C_CTRL_CLK'
Slack : 0.125
TNS   : 0.000

Type  : Fast 1100mV 0C Model Hold 'VGA|mypll|altpll_component|auto_generated|generic_pll1~PLL_OUTPUT_COUNTER|divclk'
Slack : 0.223
TNS   : 0.000

Type  : Fast 1100mV 0C Model Hold 'fall_timer_1[0]'
Slack : 0.403
TNS   : 0.000

Type  : Fast 1100mV 0C Model Hold 'KEY[0]'
Slack : 0.752
TNS   : 0.000

Type  : Fast 1100mV 0C Model Hold 'KeyboardModule:move|PS2_Controller:PS2|Altera_UP_PS2_Data_In:PS2_Data_In|received_data_en'
Slack : 2.758
TNS   : 0.000

Type  : Fast 1100mV 0C Model Recovery 'music:bg_music|avconf:avc|mI2C_CTRL_CLK'
Slack : -4.144
TNS   : -126.316

Type  : Fast 1100mV 0C Model Recovery 'VGA|mypll|altpll_component|auto_generated|generic_pll1~PLL_OUTPUT_COUNTER|divclk'
Slack : -3.510
TNS   : -91.211

Type  : Fast 1100mV 0C Model Recovery 'fall_timer_1[0]'
Slack : -2.781
TNS   : -28.934

Type  : Fast 1100mV 0C Model Recovery 'CLOCK_50'
Slack : -2.489
TNS   : -658.520

Type  : Fast 1100mV 0C Model Recovery 'KeyboardModule:move|PS2_Controller:PS2|Altera_UP_PS2_Data_In:PS2_Data_In|received_data_en'
Slack : -1.773
TNS   : -6.241

Type  : Fast 1100mV 0C Model Removal 'CLOCK_50'
Slack : 0.057
TNS   : 0.000

Type  : Fast 1100mV 0C Model Removal 'fall_timer_1[0]'
Slack : 0.314
TNS   : 0.000

Type  : Fast 1100mV 0C Model Removal 'VGA|mypll|altpll_component|auto_generated|generic_pll1~PLL_OUTPUT_COUNTER|divclk'
Slack : 0.878
TNS   : 0.000

Type  : Fast 1100mV 0C Model Removal 'KeyboardModule:move|PS2_Controller:PS2|Altera_UP_PS2_Data_In:PS2_Data_In|received_data_en'
Slack : 1.504
TNS   : 0.000

Type  : Fast 1100mV 0C Model Removal 'music:bg_music|avconf:avc|mI2C_CTRL_CLK'
Slack : 1.976
TNS   : 0.000

Type  : Fast 1100mV 0C Model Minimum Pulse Width 'fall_timer_1[0]'
Slack : -0.335
TNS   : -2.954

Type  : Fast 1100mV 0C Model Minimum Pulse Width 'KEY[0]'
Slack : -0.192
TNS   : -3.205

Type  : Fast 1100mV 0C Model Minimum Pulse Width 'music:bg_music|avconf:avc|mI2C_CTRL_CLK'
Slack : 0.102
TNS   : 0.000

Type  : Fast 1100mV 0C Model Minimum Pulse Width 'KeyboardModule:move|PS2_Controller:PS2|Altera_UP_PS2_Data_In:PS2_Data_In|received_data_en'
Slack : 0.485
TNS   : 0.000

Type  : Fast 1100mV 0C Model Minimum Pulse Width 'VGA|mypll|altpll_component|auto_generated|generic_pll1~FRACTIONAL_PLL|vcoph[0]'
Slack : 1.666
TNS   : 0.000

Type  : Fast 1100mV 0C Model Minimum Pulse Width 'CLOCK_50'
Slack : 8.812
TNS   : 0.000

Type  : Fast 1100mV 0C Model Minimum Pulse Width 'VGA|mypll|altpll_component|auto_generated|generic_pll1~PLL_OUTPUT_COUNTER|divclk'
Slack : 18.889
TNS   : 0.000

------------------------------------------------------------
